[Sim] Starting at: 1
[Sim] Executing: trigger (1)
[Sim] Moving via edge e1-2 to 2
[Sim] Executing: text (2)
[Sim] Stop. No edge found originating from 2
Available edges from this node: []
